INT	int	1	0	
ID	a	1	4	<0, 1>
SEMICOLON	;	1	5	
INT	int	3	0	
MAIN	main	3	4	
LPAREN	(	3	8	
RPAREN	)	3	9	
LBRACE	{	4	0	
INT	int	5	4	
ID	a	5	8	<0, 1>
SEMICOLON	;	5	9	
ID	a	6	4	<1, 1>
ASSIGN	=	6	6	
DECIMAL	1	6	8	
ADD	+	6	10	
DECIMAL	2	6	12	
SEMICOLON	;	6	13	
IF	if	7	4	
LPAREN	(	7	7	
ID	a	7	8	<1, 1>
LESS	<	7	10	
DECIMAL	5	7	12	
RPAREN	)	7	13	
RETURN	return	8	8	
DECIMAL	1	8	15	
SEMICOLON	;	8	16	
RETURN	return	9	4	
DECIMAL	0	9	11	
SEMICOLON	;	9	12	
RBRACE	}	10	0	
